device=cuda  exp=e1  unfreeze=e1
[0;93m2026-09-22 12:26:22.500411026 [W:onnxruntime:, execution_frame.cc:870 VerifyOutputSizes] Expected shape from model of {1,512} does not match actual shape of {2,512} for output 683[m
Conversion check: mean cosine sim=1.000000
fold 3: test=['p10', 'p17', 'p22', 'p26', 'p30']  val=['p02', 'p03', 'p14', 'p19', 'p28']  train=20 people
train people=20 (3993 photos)  val people=5 (973 query photos)  test people=5 (965 query photos)  gallery=30
Loading crops into memory...
Unfrozen backbone tensors: ['BatchNormalization_121.weight', 'BatchNormalization_121.bias', 'Conv_122.weight', 'Conv_122.bias', 'Conv_124.weight', 'Conv_124.bias']
Unfrozen backbone parameters: 4,720,640
  epoch   0 (untrained)  val_acc=80.47%  val_gap=0.3155  val_loss=0.1838  train_loss_matched=0.0954
  epoch   1  m=0.000  loss=1.0462  train_acc=98.90%  val_acc=73.69%  val_gap=0.1188  val_loss=0.5817  train_loss_matched=0.2173  (7s)
  epoch   2  m=0.000  loss=0.6838  train_acc=99.85%  val_acc=71.84%  val_gap=0.1030  val_loss=0.6152  train_loss_matched=0.1957  (7s)
  epoch   3  m=0.050  loss=0.6913  train_acc=99.75%  val_acc=78.73%  val_gap=0.1318  val_loss=0.4833  train_loss_matched=0.0462  (7s)
  epoch   4  m=0.100  loss=0.6902  train_acc=99.65%  val_acc=82.73%  val_gap=0.1609  val_loss=0.4093  train_loss_matched=0.0098  (7s)
  epoch   5  m=0.150  loss=0.6954  train_acc=99.40%  val_acc=83.04%  val_gap=0.1835  val_loss=0.3818  train_loss_matched=0.0024  (7s)
  epoch   6  m=0.200  loss=0.6989  train_acc=99.37%  val_acc=82.84%  val_gap=0.2017  val_loss=0.3866  train_loss_matched=0.0006  (7s)
  epoch   7  m=0.200  loss=0.6653  train_acc=99.70%  val_acc=82.32%  val_gap=0.1979  val_loss=0.3841  train_loss_matched=0.0006  (7s)
  epoch   8  m=0.200  loss=0.6527  train_acc=99.95%  val_acc=82.01%  val_gap=0.1964  val_loss=0.3858  train_loss_matched=0.0006  (7s)
  epoch   9  m=0.200  loss=0.6476  train_acc=99.90%  val_acc=82.12%  val_gap=0.1906  val_loss=0.3914  train_loss_matched=0.0006  (7s)
  epoch  10  m=0.200  loss=0.6425  train_acc=99.92%  val_acc=81.81%  val_gap=0.1872  val_loss=0.4046  train_loss_matched=0.0006  (7s)
  early stopping at epoch 10
Best epoch: 5  val_acc=83.04%  val_gap=0.1835
Saved history: runs/e1e2/learning_curve_matched/fold3/e1_person_model_history.json

=== TEST [e1] unseen people ['p10', 'p17', 'p22', 'p26', 'p30'] (n=965)  accept-threshold=0.3 ===
Top-1 accuracy (accepted AND correct): 89.02%  (95% CI: 86.9-90.8%)
