device=cuda  exp=e1  unfreeze=e1
[0;93m2026-09-22 12:30:54.458112800 [W:onnxruntime:, execution_frame.cc:870 VerifyOutputSizes] Expected shape from model of {1,512} does not match actual shape of {2,512} for output 683[m
Conversion check: mean cosine sim=1.000000
fold 5: test=['p05', 'p08', 'p18', 'p25', 'p29']  val=['p01', 'p04', 'p09', 'p21', 'p24']  train=20 people
train people=20 (3993 photos)  val people=5 (961 query photos)  test people=5 (960 query photos)  gallery=30
Loading crops into memory...
Unfrozen backbone tensors: ['BatchNormalization_121.weight', 'BatchNormalization_121.bias', 'Conv_122.weight', 'Conv_122.bias', 'Conv_124.weight', 'Conv_124.bias']
Unfrozen backbone parameters: 4,720,640
  epoch   0 (untrained)  val_acc=85.02%  val_gap=0.3319  val_loss=0.1052  train_loss_matched=0.1283
  epoch   1  m=0.000  loss=1.0428  train_acc=98.52%  val_acc=73.99%  val_gap=0.1308  val_loss=0.4069  train_loss_matched=0.1985  (7s)
  epoch   2  m=0.000  loss=0.6981  train_acc=99.70%  val_acc=70.14%  val_gap=0.1117  val_loss=0.4897  train_loss_matched=0.1672  (7s)
  epoch   3  m=0.050  loss=0.7084  train_acc=99.57%  val_acc=81.37%  val_gap=0.1389  val_loss=0.3450  train_loss_matched=0.0434  (7s)
  epoch   4  m=0.100  loss=0.7095  train_acc=99.20%  val_acc=86.58%  val_gap=0.1636  val_loss=0.2705  train_loss_matched=0.0100  (7s)
  epoch   5  m=0.150  loss=0.7067  train_acc=99.40%  val_acc=87.72%  val_gap=0.1882  val_loss=0.2265  train_loss_matched=0.0023  (7s)
  epoch   6  m=0.200  loss=0.7059  train_acc=99.42%  val_acc=87.41%  val_gap=0.2027  val_loss=0.2219  train_loss_matched=0.0006  (7s)
  epoch   7  m=0.200  loss=0.6757  train_acc=99.65%  val_acc=87.41%  val_gap=0.2006  val_loss=0.2198  train_loss_matched=0.0006  (7s)
  epoch   8  m=0.200  loss=0.6682  train_acc=99.62%  val_acc=87.30%  val_gap=0.1996  val_loss=0.2245  train_loss_matched=0.0005  (7s)
  epoch   9  m=0.200  loss=0.6534  train_acc=99.85%  val_acc=87.30%  val_gap=0.1962  val_loss=0.2219  train_loss_matched=0.0005  (7s)
  epoch  10  m=0.200  loss=0.6537  train_acc=99.80%  val_acc=87.30%  val_gap=0.1945  val_loss=0.2241  train_loss_matched=0.0005  (7s)
  early stopping at epoch 10
Best epoch: 5  val_acc=87.72%  val_gap=0.1882
Saved history: runs/e1e2/learning_curve_matched/fold5/e1_person_model_history.json

=== TEST [e1] unseen people ['p05', 'p08', 'p18', 'p25', 'p29'] (n=960)  accept-threshold=0.3 ===
Top-1 accuracy (accepted AND correct): 92.40%  (95% CI: 90.5-93.9%)
